******************************************************************************
                  TI ARM Linker PC v18.12.1                    
******************************************************************************
>> Linked Sat Feb 23 20:43:47 2019

OUTPUT FILE NAME:   <SPI_basic.out>
ENTRY POINT SYMBOL: "_c_int00_noinit_noargs"  address: 00000709


MEMORY CONFIGURATION

         name            origin    length      used     unused   attr    fill
----------------------  --------  ---------  --------  --------  ----  --------
  FLASH                 00000000   00040000  0000080a  0003f7f6  R  X
  SRAM                  20000000   00008000  00000200  00007e00  RW X


SEGMENT ALLOCATION MAP

run origin  load origin   length   init length attrs members
----------  ----------- ---------- ----------- ----- -------
00000000    00000000    0000080c   0000080c    r-x
  00000000    00000000    0000026c   0000026c    r-- .intvecs
  0000026c    0000026c    00000532   00000532    r-x .text
  000007a0    000007a0    0000006c   0000006c    r-- .const
20000000    20000000    00000200   00000000    rw-
  20000000    20000000    00000200   00000000    rw- .stack


SECTION ALLOCATION MAP

 output                                  attributes/
section   page    origin      length       input sections
--------  ----  ----------  ----------   ----------------
.intvecs   0    00000000    0000026c     
                  00000000    0000026c     tm4c123gh6pm_startup_ccs.obj (.intvecs)

.text      0    0000026c    00000532     
                  0000026c    00000132     driverlib.lib : gpio.obj (.text:GPIOPadConfigSet)
                  0000039e    00000002     --HOLE-- [fill = 0]
                  000003a0    00000110                   : sysctl.obj (.text:SysCtlClockGet)
                  000004b0    000000f4                   : sysctl.obj (.text:SysCtlClockSet)
                  000005a4    000000bc     main.obj (.text)
                  00000660    0000003c     driverlib.lib : ssi.obj (.text:SSIConfigSetExpClk)
                  0000069c    00000038                   : sysctl.obj (.text:SysCtlPeripheralReady)
                  000006d4    00000034                   : sysctl.obj (.text:SysCtlPeripheralEnable)
                  00000708    0000002c     rtsv7M4_T_le_v4SPD16_eabi.lib : boot_cortex_m.c.obj (.text:_c_int00_noinit_noargs:_c_int00_noinit_noargs)
                  00000734    0000002a     driverlib.lib : gpio.obj (.text:GPIODirModeSet)
                  0000075e    00000012                   : gpio.obj (.text:GPIOPinTypeSSI)
                  00000770    0000000c     tm4c123gh6pm_startup_ccs.obj (.text)
                  0000077c    0000000a     driverlib.lib : ssi.obj (.text:SSIDataPut)
                  00000786    0000000a                   : ssi.obj (.text:SSIEnable)
                  00000790    00000006                   : sysctl.obj (.text:SysCtlDelay)
                  00000796    00000004     rtsv7M4_T_le_v4SPD16_eabi.lib : pre_init.c.obj (.text:_system_pre_init)
                  0000079a    00000004                                   : exit.c.obj (.text:abort:abort)

.const     0    000007a0    0000006c     
                  000007a0    0000006c     driverlib.lib : sysctl.obj (.const:g_pui32Xtals)

.cinit     0    00000000    00000000     UNINITIALIZED

.init_array 
*          0    00000000    00000000     UNINITIALIZED

.stack     0    20000000    00000200     UNINITIALIZED
                  20000000    00000004     rtsv7M4_T_le_v4SPD16_eabi.lib : boot_cortex_m.c.obj (.stack)
                  20000004    000001fc     --HOLE--

MODULE SUMMARY

       Module                         code   ro data   rw data
       ------                         ----   -------   -------
    .\
       tm4c123gh6pm_startup_ccs.obj   12     620       0      
       main.obj                       188    0         0      
    +--+------------------------------+------+---------+---------+
       Total:                         200    620       0      
                                                              
    D:/ti/tivaware_c_series_2_1_4_178/driverlib/ccs/Debug/driverlib.lib
       sysctl.obj                     630    108       0      
       gpio.obj                       366    0         0      
       ssi.obj                        80     0         0      
    +--+------------------------------+------+---------+---------+
       Total:                         1076   108       0      
                                                              
    D:\ti\ccsv8\tools\compiler\ti-cgt-arm_18.12.1.LTS\lib\rtsv7M4_T_le_v4SPD16_eabi.lib
       boot_cortex_m.c.obj            44     0         0      
       exit.c.obj                     4      0         0      
       pre_init.c.obj                 4      0         0      
    +--+------------------------------+------+---------+---------+
       Total:                         52     0         0      
                                                              
       Stack:                         0      0         512    
    +--+------------------------------+------+---------+---------+
       Grand Total:                   1328   728       512    


GLOBAL SYMBOLS: SORTED ALPHABETICALLY BY Name 

address   name                  
-------   ----                  
0000079b  C$$EXIT               
00000735  GPIODirModeSet        
0000026d  GPIOPadConfigSet      
0000075f  GPIOPinTypeSSI        
00000771  ResetISR              
00000661  SSIConfigSetExpClk    
0000077d  SSIDataPut            
00000787  SSIEnable             
000003a1  SysCtlClockGet        
000004b1  SysCtlClockSet        
00000791  SysCtlDelay           
000006d5  SysCtlPeripheralEnable
0000069d  SysCtlPeripheralReady 
20000200  __STACK_END           
00000200  __STACK_SIZE          
20000200  __STACK_TOP           
ffffffff  __TI_pprof_out_hndl   
ffffffff  __TI_prof_data_size   
ffffffff  __TI_prof_data_start  
00000000  __TI_static_base__    
ffffffff  __binit__             
ffffffff  __c_args__            
UNDEFED   __mpu_init            
20000000  __stack               
00000709  _c_int00_noinit_noargs
00000797  _system_pre_init      
0000079b  abort                 
ffffffff  binit                 
00000000  g_pfnVectors          
000005a5  main                  


GLOBAL SYMBOLS: SORTED BY Symbol Address 

address   name                  
-------   ----                  
00000000  __TI_static_base__    
00000000  g_pfnVectors          
00000200  __STACK_SIZE          
0000026d  GPIOPadConfigSet      
000003a1  SysCtlClockGet        
000004b1  SysCtlClockSet        
000005a5  main                  
00000661  SSIConfigSetExpClk    
0000069d  SysCtlPeripheralReady 
000006d5  SysCtlPeripheralEnable
00000709  _c_int00_noinit_noargs
00000735  GPIODirModeSet        
0000075f  GPIOPinTypeSSI        
00000771  ResetISR              
0000077d  SSIDataPut            
00000787  SSIEnable             
00000791  SysCtlDelay           
00000797  _system_pre_init      
0000079b  C$$EXIT               
0000079b  abort                 
20000000  __stack               
20000200  __STACK_END           
20000200  __STACK_TOP           
ffffffff  __TI_pprof_out_hndl   
ffffffff  __TI_prof_data_size   
ffffffff  __TI_prof_data_start  
ffffffff  __binit__             
ffffffff  __c_args__            
ffffffff  binit                 
UNDEFED   __mpu_init            

[30 symbols]
